
> blog-personal@1.0.0 build
> astro build

12:28:39 [types] Generated 615ms
12:28:39 [build] output: "hybrid"
12:28:39 [build] directory: C:\Users\melar\OneDrive\Desktop\Proyectos Importantes\blog-personal\.vercel\output\
12:28:39 [build] adapter: @astrojs/vercel/serverless
12:28:39 [build] Collecting build info...
12:28:39 [build] Ô£ô Completed in 759ms.
12:28:39 [build] Building hybrid entrypoints...
node.exe : 12:28:40 [ERROR] [vite] [31mx[39m Build failed in 
1.41s
En línea: 1 Carácter: 1
+ & "C:\Program Files\nodejs/node.exe" 
"C:\Users\melar\AppData\Roaming\ ...
+ ~~~~~~~~~~~~~~~~~~~~~~~~~~~~~~~~~~~~~~~~~~~~~~~~~~~~~~~~~~~~~
~~~~~~~~
    + CategoryInfo          : NotSpecified: (12:28:40 [ERROR.  
  ..failed in 1.41s:String) [], RemoteException
    + FullyQualifiedErrorId : NativeCommandError
 
[CompilerError] [astro:build] The closing frontmatter fence 
(---) is missing an opening fence
file: C:/Users/melar/OneDrive/Desktop/Proyectos 
Importantes/blog-personal/src/components/PostCard.astro:34:1
  Hint:
    Add --- at the beginning of your file before any import 
statements or code
  Location:
    C:/Users/melar/OneDrive/Desktop/Proyectos 
Importantes/blog-personal/src/components/PostCard.astro:34:1
  Stack trace:
    at handleCompileResultErrors (file:///C:/Users/melar/OneDri
ve/Desktop/Proyectos%20Importantes/blog-personal/node_modules/a
stro/dist/core/compile/compile.js:65:11)
    at async compileAstro (file:///C:/Users/melar/OneDrive/Desk
top/Proyectos%20Importantes/blog-personal/node_modules/astro/di
st/vite-plugin-astro/compile.js:13:23)
    at async transform (file:///C:/Users/melar/OneDrive/Desktop
/Proyectos%20Importantes/blog-personal/node_modules/rollup/dist
/es/shared/node-entry.js:21269:16)
